486 185 team_cls_map
++++++++++++++++++++++++++++++++++++++++++++++++++++++++++++++++++++++++++++++++++++++++++++++++++++++++++++++++++++++++++++++++++++++++++++++++++++++++++++++++++++++++++++++++++++++++++++++++++++++++++++++++++++++++++++++++++++++++++++++++++++++++++++++++++++++++++++++++++++++++++++++++++++++++++++++++++++++++++++++++++++++++++++++++++++++++++++++++++++++++++++++++++++++++++++++++++++++++++++++++++++++++++++++++++++++++++++++++++++++++++++++++++++++++++++++++++++++++++++++++++++++
+++++++++++++++++++++++++++++++++++++++++++++++++++++++++++++++++++++++++++++++++++++++++++++++++++++++++++++++++++++++++++++++++++++++++++++++++++++++++++++++++++++++++++++++++++++++++++++++++++++++++++++++++++++++++++++++++++++++++++++++++++++++++++++++++++++++++++++++++++++++++++++++++++++++++++++++++++++++++++++++++++++++++++++++++++++++++++++++++++++++++++++++++++++++++++++++++++++++++++++++++++++++++++++++++++++++++++++++++++++++++++++++++++++++++++++++         ++   ++++  +++
++                                                                                                                                                                      +++                               ++                                           ++                                      ++               ++                          ++               ++                                                                                  ++                          ++         ++  +++++   ++
++    +++++++++++++++++++++++++++++++++++++++++++++++++++++++++++++++++++++++++++++++++++++++++++++++++++++++++++++++++++++++++++++++++++++++++++++++++++++++++++++++   +++   +++++++++++++++++++++++++   +++++++++++++++++++++++++++++++++++++++++    ++++++++++++++++++++++++++++++++++++    +++++++++++++    ++++++++++++++++++++++++    ++    +++++++    ++   ++++++++++++++++++++++++++++++++++++++++++++++++++++++++++++++++++++++   ++    ++    ++++++++++++++++++    ++         ++  ++++++  ++
++   ++++++++++++++++++++++++++++++++++++++++++++++++++++++++++++++++++++++++++++++++++++++++++++++++++++++++++++++++++++++++++++++++++++++++++++++++++++++++++++++++   +++    ++++++++++++++++++++++++    ++++++++++++++++++++++++++++++++++++++++     +++++++++++++++++++++++++++++++++++    +++++++++++++    ++++++++++++++++++++++++    ++    +++++++    ++   ++++++++++++++++++++++++++++++++++++++++++++++++++++++++++++++++++++++   ++    ++    ++++++++++++++++++    ++         ++  +++++  +++
++   ++                           ++                                                      ++                                                                       ++   +++                          ++                                                                                  ++               ++                          ++    ++         ++    ++   ++                                           ++         ++          ++   ++    ++    ++                    ++         ++    ++   +++
++   +++++++++++++++++++    ++    ++   +++++++++++++++++++++++++++++++++++++++++++++++    ++    +++++++++++++++++++++++++++++     +++++++++++++++++++++++++++++    ++   +++++++++++++++++++++++++    ++++++++++++++++++++++++++++++++++++++++++++++++++++++++++++++++++++++++++++++++    +++++++++++++    +++++++++++++++++++         ++    +++++++    ++    ++   ++    +++++++++++++++++++++++++++++++++++    ++    ++   ++    ++    ++   ++    ++    +++++++++++++++++++++++++++++++++++    ++   +++
++   ++++++++++++++++++     ++   +++   +++++++++++++++++++++++++++++++++++++++++++++++    ++   ++++++++++++++++++++++++++++++     +++++++++++++++++++++++++++++    ++   ++++++++++++++++++++++++     ++++++++++++++++++++++++++++++++++++++++++++++++++++++++++++++++++++++++++++++++     ++++++++++++     +++++++++++++++++          ++    +++++++    ++    ++   ++    ++++++++++++++++++++++++++++++++++++   ++    ++   ++    ++    ++   ++          +++++++++++++++++++++++++++++++++++          ++
++   ++                     ++   +++   ++                          ++               ++    ++   ++          ++         ++    ++                               ++    ++   +++                                                                                                                                                           ++               ++    ++   ++    ++                               +++   ++    ++   ++    ++    ++   ++          +                     ++                     ++
++   ++    +++++++++++++++++++   +++   +++++++++++++++++++    ++   ++    +++++++++++++    ++   ++    ++    ++   ++    ++    +++++++++++++++++++++++++++++    ++    ++   +++   ++    +++++++++++++++++++++++++++++++++++++++++++++++++++++++++++++++++++++++++++++++++++++++++++++++++++++++++++++++++++++++++++++++++++    +++++++++++++++++++   ++++++++    ++   ++    ++   +++++++++++++++++++++++++   +++   ++    ++   ++    ++    ++   +++++++++++++    +++++++++++++    ++    +++++++++++++++++++
++   ++                     ++   +++                    ++    ++   ++                     ++   ++    ++    ++   ++    ++          ++++++                     ++    ++    ++   ++    ++                                                           +++                                                                 ++    ++  ++++    +  ++++   +++++++     ++   ++    ++   +++             ++     ++   +++   ++    ++   ++    ++    ++     +         +               ++    ++                    +++
++   ++++++++++++++++++     ++   +++ +++++++++++        ++++++++   ++++++++++++++++++     ++   ++    ++    ++   ++    ++    ++++++++++++++++++     ++++++++++++    ++    +    ++++++++    ++++  +++++++++++++++++++++++     ++++++++   ++++++     ++    ++++++++++++  ++++++   +++++++++++++++++++      ++++++++     ++    ++   ++          ++   ++     +++ +++   ++    ++   ++     +++++++         ++    +    ++    ++   ++    ++    +++++++++        ++++++          ++    ++++++++++++++++++    +++
++   +++++++++++++++++++++++++    ++++++++++++++++++    ++++++++   +++++++++++++++++++++++++   ++    ++    ++   ++    +++++++++++++++++++++++++++++++++++++++++    ++    ++   ++++++++   +++++++++++++++++++++++++++++++++++++++++++++++++++++    ++   ++++++++++++++++++++++++++++++++++++++++++++++++++++++++++    ++    ++   ++    ++    ++   ++    +++++++    ++    ++   ++    +++++++++++++    ++    +    ++    ++   ++    ++    +++++++++++++    +++++++++++++   ++    +++++++++++++++++++   +++
++         ++               ++                    ++               ++                          ++    ++         ++                          ++    ++         ++    ++   +++   ++         ++                     ++         ++    ++         ++    ++   ++                                                       +    ++    ++   ++    ++    ++   ++    ++         ++         +++   ++         ++    ++   +++         ++   ++    ++    ++                          ++   ++    ++                    +++
+++++++    ++    +++++++    ++++++++++++++++++    +++++++++++++    ++    ++++++++++++++++++++++++    +++++++++++++++++++++++++++++++++++    ++    ++    +    ++    ++   +++   ++    +++++++    +++++++++++++    ++    +    ++    ++    +    ++    ++   ++    ++++++++++++++++++++++++++++++++++++++++++++++     +    ++    ++   ++    ++    ++   ++    ++    +++++++++++++++++++   ++    +    ++    ++   ++++++++++++++   ++    ++    ++    ++++++++++++++++++++++++   ++    ++    +++++++++++++++++++
+++++++    ++    +++++++    +++++++++++++++++++   ++++++++++++++   ++    +++++++++++++++++++++++++   ++++++++++++++++++++++++++++++++++++   ++    ++    ++   ++    ++   +++   ++    +++++++    +++++++++++++    ++    +    ++    ++   ++    ++    ++   ++    +++++++++++++++++++++++++++++++++++++++++++++++    +    ++    ++   ++    ++    ++   ++    ++    ++++++++++++++++++    ++    ++   ++    ++    +++++++++++++   ++    ++    ++    ++++++++++++++++++++++++   ++    ++    +++++++++++++++++++
++         ++    ++   ++                     ++               ++   ++    ++                    +++                          +          ++   ++    ++    ++   ++    ++    ++   ++               ++               ++    +    ++    ++   ++    ++    ++   ++    ++                                     ++    ++    +    ++    ++   ++    ++    ++   ++    ++    ++                    ++    ++   ++    ++         ++    ++   ++    ++    ++         ++                    ++    ++    ++               ++
++    +++++++    ++   +++++++++++++++++++    +++++++++++++    ++   ++    ++    +    +++++++    ++++++++++++++++++++++++     +    ++    ++   ++    ++    ++   ++    ++    ++   +++++++++++++++++++    +++++++++++++    +    ++    ++   ++    ++    ++   ++    ++    +++++++++++++++++++++++++++++    ++    ++    +    ++    ++   ++    ++    ++   ++    ++   +++   +++++++++++++++++++    ++   ++    ++    +    ++    ++   ++    ++    +++++++    ++    ++++++++++++++++++    ++    ++    +++++++++++++
++    +++++++    ++   +++++++++++++++++++    +++++++++++++    ++   ++    ++    +    ++++++++   ++++++++++++++++++++++++     +    ++    ++   ++    ++    ++   ++    ++    ++   +++++++++++++++++++    +++++++++++++    +    ++    ++   ++    ++    ++   ++    ++    ++++++++++++++++++++++++++++++   ++    ++    +    ++    ++   ++    ++    ++   ++    ++   +++   +++++++++++++++++++    ++   ++    ++    ++   ++    ++    +    ++    +++++++    ++    ++++++++++++++++++    ++    ++   ++++++++++++++
++               ++                    ++               ++    ++         ++    +    ++    ++   ++                           +    ++    ++   ++    ++    ++         ++    ++   ++                     ++         ++    +    ++    ++   ++    ++    ++   ++    ++    ++                          ++   ++    ++    +    ++    ++   ++    ++    ++   ++    ++   +++   ++                     ++   ++    ++    ++   ++    ++         ++    ++         ++                    ++    ++    ++               ++
+++++++++++++++++++++++++++++++++++    +++++++++++++    ++    +++++++++++++    +    ++    ++   ++    ++++++++++++++++++++++++    ++    ++   ++    ++    +++++++    ++   +++   ++    +++++++++++++    ++    +    ++    +    ++    ++   ++    ++    ++   ++    ++    ++   +++++++++++++++++++    ++   ++    ++    +    ++    ++   ++    ++    ++   ++    ++   +++   ++    +++++++++++++++++++   ++    ++    ++   ++    +++++++++++++    ++   ++++++++++++++++++++++++    ++    ++    +++++++++++++    ++
+++++++++++++++++++++++++++++++++++    +++++++++++++    ++    +++++++++++++    +    ++    ++   ++    ++++++++++++++++++++++++    ++    ++   ++    ++    +++++++    ++    ++   ++    +++++++++++++    ++   ++    ++    +    ++    ++   ++    ++    ++    +    ++    ++   +++++++++++++++++++    ++   ++    ++    +    ++    ++   ++    ++    ++   ++    ++   +++   ++    ++++++++++++++++++    ++    ++   +++   ++    +++++++++++++    ++   ++++++++++++++++++++++++    ++    ++    +++++++++++++    ++
++                                                                             +    ++    ++   ++                                ++    ++   ++    ++         ++    ++    ++   ++               ++    ++   ++    ++    ++   ++    ++   ++    ++    ++         ++    ++   ++         ++    ++    ++   ++    ++    +    ++    ++   ++    ++    ++   ++    ++   +++   ++         ++               ++    ++   +++   ++    ++               ++   ++                          ++    ++    ++               ++
++    ++++++++++++++++++++++++++++++++++++++++++++++++++++++++++++++++++++++++++    ++    ++   ++++++++++++++++++++++++++++++++++++    ++   ++    ++++++++   ++    ++   +++   +++++++++++++    ++++++++   ++    ++   +++   ++    ++   ++    ++    +++++++++++++    ++   ++    ++   ++    ++    ++   ++    ++    +    ++    ++   ++    ++    ++   ++    ++   +++   ++++++++   ++    +++++++++++++    ++   +++   ++    ++    +++++++++++++   ++    ++++++++++++++++++++++++    ++    ++    +++++++++++++
++   +++++++++++++++++++++++++++++++++++++++++++++++++++++++++++++++++++++++++++          ++   ++++++++++++++++++++++++++++++++++++    ++          +++++++   ++    ++   +++   +++++++++++++    +++++++    ++    ++    ++   ++    ++   ++    ++    +++++++++++++   +++   ++    ++   ++    ++    ++   ++    ++    +    ++    ++   ++    ++    ++   ++         +++    +++++++   ++    +++++++++++++    ++   +++   ++    ++   ++++++++++++++   ++     ++++++++++++++++++++ ++    ++    ++    +++++++++++++
++   ++                                           ++                                      ++   ++                                ++    ++               ++   ++    ++   +++   ++         ++               ++    ++    ++   ++    ++   ++    ++               ++   +++   ++    ++   ++    ++    ++   ++    ++    +    ++    ++   ++    ++    ++   ++          ++         ++   ++    ++         ++    ++   +++   ++    ++   ++          ++   ++                          ++    ++    ++               ++
++   ++    ++++++++++++++++++++++++++++++    ++   ++++++++++++++++++++++++++++++++++++++++++   ++    ++++++++++++++++++++++++    ++    +++++++++++++++++++   ++    ++    ++   ++    ++   ++++++++++++++   ++    ++   +++   ++    ++   ++    ++    +++++++    ++   +++   ++    ++   ++    ++    ++   ++    ++    +    ++    ++   ++    ++    ++   +++++++++++++++++++    ++   ++    ++    ++   ++    ++   +++   ++    ++   ++++++++    ++   ++    ++++++++++++++++++++++++    ++    +++++++++++++    ++
++   +++   ++++                              ++       + +++++++                                ++    ++++       +++         +    ++                          ++    ++    ++   ++    ++              +++   ++          +          ++   ++    ++    ++++       ++    ++   ++    ++   ++    ++    ++   ++    ++    +    ++    ++         ++    ++   +++              ++    ++   ++    ++    ++   ++    ++    ++         ++       +++     ++   ++    ++        ++          +     ++    ++++++++        +++
++   +++   ++                                ++                                                ++    ++         ++          +    ++                          ++    ++    ++   ++    ++               ++   ++          +          ++   ++    ++    ++         ++    +    ++    ++   ++    ++    ++   ++    ++    +    ++    ++         ++    ++   ++               ++    ++   ++    ++    ++   ++    ++   +++         ++               ++   ++    ++                          ++    ++              +++
++   ++    ++    +++++++++++++++++++++++++++++++++++    +++++++++++++++++++++++++++++++++++++++++    ++    ++   ++    ++    +    ++++++++++++++++++++++++++++++    ++    ++   ++    +++++++++++++    ++   +++++++++++++++++++++++++   ++    ++    ++    +++++++    ++   ++    ++   ++    ++    ++   ++    ++    +    ++    +++++++++++++    ++   ++    +++++++    ++    ++   ++    ++    ++   ++    ++    ++++++++++++++++++++++++++++++   ++    ++    ++++++++++++++++++++++++    ++   ++++++++++++++
++   ++    ++    ++    +++++++++++++++++          ++     ++++++++++++++   +++++++++++      +++++     ++    ++   ++    ++    ++   +++++++     ++++++++++++++++++    ++   +++   ++     ++++++++  ++    ++    +++++++++++++++++++++++    ++    ++    ++    ++++++     ++   ++    ++   +++   ++    ++   ++    ++    +    ++    ++++++++++++     ++   ++    +++++++    ++    ++   ++    ++    ++   ++    ++    +++++++++++++++ +++++++          ++    ++    +++++++++++++++++++++++     ++   +++++++    +++
++   ++    ++    ++                               ++                                                 ++    ++   ++    ++    ++   ++                          ++    ++   +++   ++               ++    ++                               ++    ++    ++               +    ++    ++   +++   ++    ++   ++    ++    +    ++    ++               ++   ++    ++    +    ++    ++   ++    ++    ++   ++    ++         ++         +++              ++    ++    +                           ++   ++         +++
++   ++    ++    ++   ++    +++++++++++++++++++   +++++++++++++++++++++++++++++++++++++++++++++++++++++++++++   ++    ++    ++   ++    +++++++++++++++++++   ++    ++   +++   +++++++++++++    ++    +++++++++++++++++++++++++++++++++++    ++    ++++++++++++++++++    ++    ++   ++    ++    ++   ++    ++    +    ++    ++    +++++++++++++   ++    ++    ++   ++    ++   ++    ++    ++   ++    ++    +    ++    ++   ++    ++++++++   ++    ++    +    +++++++++++++++++++++++++   ++    ++    ++
++         ++    ++   ++    ++               ++   ++                                                            ++    ++    ++              +++         ++   ++    ++   +++   ++         ++    ++                                           ++    ++                    ++    ++   ++    ++         ++    ++    +    ++    ++              +++   ++    ++    ++   ++    ++   ++    ++    ++   ++    ++    ++   ++    ++   ++    ++   +++   ++    ++    +    ++                          ++    ++    ++
+++++++++++++    ++   ++    ++    ++++++     ++   ++     +    +++++++++++++++++++++       ++++++++++++++++++++++++    ++    ++++++++++++++++++          ++   ++    ++    ++   ++         ++    +++   +++++++++++++++++++++ +++++++++++++++++++    ++    ++++++++++++++++++    ++   ++    +++++++++++++    ++    +    ++    ++ +++++++++     ++   ++    ++    ++   ++    ++   ++    ++    ++   ++    ++   +++   ++    ++   +++   ++    ++   ++    ++    +    ++      +       +++++++++   ++    ++    ++
+++++++++++++    ++   ++    ++    +++++++    ++   ++    ++++++++++++++++++++++++++++++++++++++++++++++++++++++++++    ++    ++++++++++++++++++    ++    ++   ++    ++    ++   ++    ++   ++    +++++++++++++++++++++++++++++++++++++++++++++++    ++    ++++++++++++++++++    ++   ++    +++++++++++++    ++    +    ++    +++++++++++++    ++   ++    ++    ++   ++    ++   ++    ++    ++   ++    ++   +++   ++    ++   ++    ++    ++   ++    ++   ++    ++    ++++++++++++++++++++++++    ++    ++
++               ++   ++    ++    +          ++   ++    ++                                                            ++    +          ++         ++    ++   ++    ++    ++   ++    ++   ++    ++                                           ++    ++                          ++   ++    ++         ++    ++    +    ++    ++         ++    ++   ++    ++    ++   ++    ++   ++    ++    ++   ++    ++   +++   ++    ++         ++         ++    ++   +++   ++                                ++    ++
++    +++++++++++++   ++    ++    +++++++++++++   ++    ++    ++++++++++++++++++++++++++++++++++++++++++++++++++++++++++    +     +    ++    +++++++    ++   ++    ++    ++   ++    ++   ++    ++    +     +++++++++++++++++++++++     +    ++    ++++++++++++++++++++++++++++++   ++    ++    +    ++    ++    +    ++    ++    +    ++    ++   ++    ++    +    ++    ++   ++    ++    ++   ++    ++   +++   ++    ++++++++++++++++++++++++    ++   +++   ++++++++++++++++++++++++++++++++++++    ++
++    +++++++++++++   ++    ++    +++++++++++++   ++    ++    ++++++++++++++++++++++++++++++++++++++++++++++++++++++++++    +    ++    ++   ++++++++    ++   ++    ++    ++   ++    ++   ++    ++    ++    ++++++++++++++++++++++++   ++    ++    ++++++++++++++++++++++++++++++   ++    ++    ++   ++    ++    +    ++    ++   ++    ++    ++   ++    ++   +++   ++    ++   ++    ++    ++   ++    ++   +++   ++    ++++++++++++++++++++++++    ++   +++   ++++++++++++++++++++++++++++++++++++    ++
++                    ++    ++                    ++    ++                                                 ++               +    ++    ++   ++          ++   ++    ++    ++   ++    ++   ++    ++    ++                          ++   ++    ++    ++         ++                    ++    ++    ++   ++          +    ++    ++   ++    ++    ++   ++    ++    ++   ++    ++   ++          ++   ++    ++   +++   ++                                ++   +++   ++                                      ++
++++++++++++++++++++++++    ++++++++++++++++++++++++    ++    +++++++++++++++++++++++++++++     +++++++++++++    ++++++++++++    ++    ++   ++    ++++++++   ++    ++    ++   ++    ++   ++    ++    ++++++++++++++++++++++++    ++   ++    ++    ++    +    ++    ++++++++++++++++++    ++    ++   +++++++++++++    ++    ++   ++    ++    ++   ++    ++    +    ++    ++   ++++++++++++++   ++    ++   +++   ++++++++++++++++++++++++++++++++++++   +++   ++    ++++++++++++++++++     +++++++++++++
++++++++++++++++++++++++    ++++++++++++++++++++++++    ++    +++++++++++++++++++++++++++++    +++++++++++++    +++++++++++++    ++    ++   +++   +++++++    ++    ++    ++   ++    ++   ++    ++    ++++++++++++++++++++++++    ++   ++    ++    +    ++    ++    ++++++++++++++++++    ++    ++   ++++++++++++++   ++    ++   ++    ++    ++   ++    ++   +++   ++    ++   +++++++++++++    ++    ++    ++   ++++++++++++++++++++++++++++++++++++    +    ++    +++++++++++++++++++   ++++++++++++++
++                                                ++    ++    ++         ++                    ++               ++               ++    ++   ++    ++               ++    ++   ++    ++   ++    ++    ++         ++         ++    ++   ++    ++         ++    ++                          ++    ++              +++   ++    ++   ++    ++    ++   ++    ++   +++   ++         ++               ++          ++                                           +    ++    ++               ++   ++          ++
++    +++++++++++++++++++++++++++++++++++++++++   ++    ++    ++   ++    ++    ++++++++++++++++++    +++++++++++++    +++++++++++++    ++   ++    ++    +    ++++++++    ++   ++    ++   ++    ++    ++    +    ++    +    ++    ++   ++    ++    +++++++    ++++++++++++++++++++++++++++++    +++++++++++++   +++   ++    ++   ++    ++    ++   ++    ++    +    ++++++++++++++++++++++++++++++++++++++++++++++++++++++++++++++++++++++++++++++++++++++    ++    +++++++++++++    ++   ++    ++    ++
++   ++++++++++++++++++++++++++++++++++++++++++   ++    ++    ++   ++    ++    ++++++++++++++++++    +++++++++++++    +++++++++++++    ++   ++    ++    ++   ++++++++    +    ++    ++   ++    ++    ++   ++    ++    ++   ++    ++   +++   ++    +++++++    ++++++++++++++++++++++++++++++    +++++++++++++    ++   ++    ++   +++   ++    ++   ++    ++    +    ++++++++++++++++++++++++++++++++++++++++++++++++++++++++++++++++++++++++++++++++++++++    ++    +++++++++++++    ++   ++    ++    ++
++   ++                                      ++   ++          ++   ++    ++    +                     ++               ++               ++   ++    ++    ++   ++          ++   ++    ++   ++    ++    ++   ++    ++   +++   ++    ++   +++   ++    ++         ++                                ++         ++    ++   ++    ++   +++   ++    ++   ++    ++         ++                                                      +++                               ++                     ++   ++    ++    ++
++   ++    ++++++++++++++++++++++++++++++    ++   ++++++++++++++   ++    ++    +    +++++++++++++++++++    +++++++++++++    +++++++++++++   +++   ++    ++   ++    ++    ++   ++    ++   ++    ++    ++   ++    ++   +++   ++    ++   +++   ++    ++   +++++++++++++++++++++++++    ++++++++++++++++++    ++    ++   ++    ++   +++   ++    ++   ++    +++++++    ++    +++++++++++++++++++++++++++++++++++++++++++++++   ++++++++++++++++++++++++++++++    +++++++++++++++++++++++++   ++    ++    ++
++   ++    ++++++++++++++++++++++++++++++    ++   +++++++++++++    ++          +    ++++++++++++++++++     ++++++++++++     ++++++++++++    +++   ++    ++   ++    ++    ++   ++    ++   ++          ++   ++    ++    ++   ++    ++   ++    ++    ++   +++++++++++++++++++++++++    ++++++++++++++++++    ++    ++   ++    ++   ++    ++    ++   ++    ++++++++   ++    +++++++++++++++++++++++++++++++++++++++++++++++    ++++++++++++++++++++++++++++++   ++++++++++++++++++++++++    ++    ++   +++
++   ++    ++                          ++    ++   ++               ++          +    ++                     ++              +++              +++   ++    ++   ++    ++    ++   ++    ++   ++          ++   ++    ++    ++   ++    ++   ++    ++    ++   ++                     ++         ++               ++    ++   ++    ++   ++    ++    ++   ++          +    ++    ++         ++         ++                     ++                                ++   ++                          ++    ++   +++
++   ++    ++    ++++++++++++++++++    ++    ++   ++    ++++++++++++++++++++++++    ++    +++++++++++++++++++   ++++++++++++++   +++++++++++++    ++    ++   ++    ++    ++   ++    ++   ++++++++++++++   ++    ++    +    ++    ++   ++    ++    ++   +++++++++++++++++++    +++++++    ++    +++++++++++++    ++   ++    ++   ++    ++    ++   ++++++++    ++   ++    ++    +    ++    ++   ++    +++++++++++++++++++++++++++++++++++++++++++++++    +    ++    ++++++++++++++++++++++++    ++    ++
++   ++    ++    ++                    ++         ++    ++                          ++    ++                    ++         +++   ++               ++    ++   ++    ++    ++   ++    ++                    ++          +    ++    ++   +++   ++    ++                                     ++                     ++   ++    ++   ++    ++    ++               ++   ++    ++   ++    ++    ++   ++                                                 ++         ++    ++                    ++    ++    ++
++   ++    ++    ++                    ++         ++    ++                          ++    ++                    ++         +++   ++               ++    ++   ++    ++    ++   ++    ++                    ++          +    ++    ++   +++   ++    ++                                     ++                     ++   ++    ++   ++    ++    ++               ++   ++    ++   ++    ++    ++   ++                                                 ++         ++    ++                    ++    ++    ++
++   ++++++++    ++    +++++++++++++++++++++++++++++    ++    ++++++++++++++++++++++++    ++    ++++++++++++++++++    ++   +++   ++    +++++++++++++    ++   ++    ++    ++   ++    +++++++++++++++++++++++++++++++++++++++++    ++   ++    ++    +++++++++++++++++++++++++++++++++++++++++++++++++++++++++++++++    ++    ++   ++    ++    ++   ++    +++++++    ++    ++   ++    ++    ++   +++++++++++++++++++    ++++++++++++++++++++++++    +++++++++++++    +++++++++++++++++++   ++    ++    ++
++               ++                                     ++                                ++                          ++   +++   ++    ++               ++   ++    ++    ++   ++                                                 ++   +++   ++                                                                       ++    ++   ++    ++    ++   ++    ++         ++    ++   ++    ++    ++                          ++                                     ++         ++          ++   ++    ++    ++
++               ++                                     ++                                ++                          ++    ++   ++    ++               ++   ++    ++   +++   ++                                                 ++   +++   ++                                                                       ++    ++   ++    ++    ++   ++    ++         ++    ++   ++    ++    ++                          ++                                     ++         ++          ++   ++    ++    ++
++++++++++++++++++++++++++++++++++++++++++++++++++++++++++++++++++++++++++++++++++++++++++++++++++++++++++++++++++++++++   +++   ++    ++    +++++++++++++   ++    ++   +++   +++++++++++++++++++++++++++++++++++++++++++++++++++++   ++    +++++++++++++++++++++++++++++++++++++++++++++++++++++++++++++++++++++++++++    ++   +++   ++    ++   ++    +++++++++++++    ++   ++    ++    +++++++++++++++++++++++++++++++++++++++++++++++++++++++++++++++++++++    ++   ++    ++    ++   ++    ++    ++
++                                           ++         ++         ++          ++                               ++         +++   ++    ++               ++   ++    ++    ++                                                           ++    ++                                                                             ++   +++   ++    ++   ++    ++         ++         ++    ++    ++                                                                 ++    ++   ++    ++    ++         ++    ++
+++++++++++++++++++++++++++++++++++          ++         ++         ++          ++    +++++++++++++++++++++++    ++         +++   ++    ++++++++++++     ++   ++    ++    +++++++++++++++++++++++++++++++++++++++++++++++++++++++++++++++    ++     +++++++++++++++++++++++++++++++++++++++++++++++++++++++++++++++++++     ++   +++   ++    ++   ++    ++         ++    +++++++    ++    ++    ++++++++++++++++++++++++++++++++++      +++++++++++++++++    ++    ++   ++    ++    ++    +++++++    ++
+++++++++++++++++++++++++++++++++++    ++    ++   ++    ++    ++   ++    ++    +    +++++++++++++++++++++++++   ++    ++   +++   ++    +++++++++++++    ++   ++    ++    +++++++++++++++++++++++++++++++++++++++++++++++++++++++++++++++    ++    +++++++++++++++++++++++++++++++++++++++++++++++++++++++++++++++++++++    ++   +++   ++    ++   ++    ++         ++    +++++++    ++    ++   ++++++++++++++++++++++++++++++++++++    ++++++++++++++++++    ++    ++   ++    ++    ++   ++++++++    ++
++         ++                     +    ++         ++    ++    ++   ++    ++    +                           ++   ++    ++    ++   ++               ++    ++   ++    ++    ++                                                                 ++    ++         ++                                     ++               ++    ++   ++    ++    ++   ++    ++    +    ++    ++         ++    ++   ++                     ++   ++                           +    ++    ++   ++    ++    ++   ++          ++
++    +    ++    +++++++++++++    ++++++++++++    ++    ++    ++   ++    ++    +++++++++++++++++++++++     ++   ++    ++    ++   +++++++++++++    ++    ++   ++    ++   +++   ++++++++++++++++++++++++++++++++++++++++++++++++++++++++++    ++    ++    +    ++    +++++++++++++++++++++++++++++    ++    +++++++    ++    ++   ++    ++    ++   ++    ++    +    ++    ++    +++++++    ++   ++    +++++++++++++    ++   ++    ++++++++++++++++++     +    ++    +++++++    ++    ++   ++    +     ++
++   ++    ++    +++++++++++++   ++++++++++++++   ++    ++    ++   ++    ++    +++++++++++++++++++++++     ++   ++    ++   +++   +++++++++++++    ++    ++   ++    ++    ++   ++++++++++++++++++++++++++++++++++++++++++++++++++++++++++    ++    ++   ++    ++    +++++++++++++++++++++++++++++    ++    ++++++++   ++    ++   ++    ++    ++   ++    ++    ++   ++    ++   ++++++++    ++   ++    +++++++++++++    ++   ++    +++++++++++++++++++    +    ++    +++++++    ++    ++   ++    ++    ++
++   ++    ++               ++   +++         ++   ++          ++   ++    ++                                ++   ++    ++   +++              ++          ++   ++    ++    ++   ++                                                      ++    ++    ++   ++    ++    ++                               ++    ++   +++   ++    ++   ++    ++    ++   ++    ++    ++   ++    ++   ++          ++   ++    ++               ++   ++    ++               ++    +    ++         ++    ++    ++   ++    ++    ++
++   ++    +++++++++++++    ++   +++   ++    +++++++++++++++++++   ++    ++++++++++++++++++++++++++++++++++++   ++    ++   ++++++++++++++   ++++++++++++++   ++    ++    ++   ++    ++++++++++++++++++++++++++++++++++++++++++++++    ++    ++    ++   ++    ++   +++   ++++++++++++++++++++++++++++++    ++    ++   ++    ++   ++    ++    ++   ++    ++    ++   ++++++++   ++    ++    ++   ++    ++    +++++++++++++   ++    ++    +++++++++++++    +    ++    ++   ++    ++    +++++++    ++    ++
++   ++    +++++++++++++    ++    +    ++    ++++++++++++++++++    ++    ++++++++++++++++++++++++++++++++++++   ++    ++   ++++++++++++++    +++++++++++++    +    ++    ++   ++    ++++++++++++++++++++++++++++++++++++++++++++++    ++    ++    ++   ++    ++   +++   ++++++++++++++++++++++++++++++    ++    ++   ++    ++   ++    ++    ++   ++    ++    +    ++++++++   ++    ++    ++    +    ++    +++++++++++++   ++    ++    +++++++++++++    +    ++    ++   ++    ++    +++++++    ++    ++
++   ++    ++         ++    ++    +    ++    ++                    ++                                      ++   ++    ++   +++         ++               ++         ++    ++   ++         ++    ++         ++                          ++    ++    ++   ++    ++   +++   ++                     ++         ++    ++   ++    ++   ++    ++    ++   ++    ++    +               ++    ++    ++         ++    +               ++    ++    ++               +    ++    ++   ++    ++               ++   +++
++   ++    ++    ++   ++    ++    +    ++    ++    ++++++++++++++++++++++++++++++++++++++++++++++++++++++++++   ++    ++++++++         +++++++++++++    ++   ++++++++    ++   ++++++++   ++    ++    ++   ++    ++++++++++++++++++++++++    ++    ++   ++    ++   +++   ++    +++++++++++++    ++   ++++++++    ++   ++    ++   ++    ++    ++   ++    ++    ++++++++++++++++++    ++    +++++++++++++    +    +++++++++++++    ++    ++   +++++++++++++    ++    ++   ++    +++++++++++++++++++   +++
++   ++    ++    ++   ++    ++    +    ++    +    +++++++++++++++++++++++++++++++++++++++++++++++++++++++++++   ++    ++++++++         +++++++++++++    ++   ++++++++    ++   ++++++++   +++   ++    ++   ++    ++++++++++++++++++++++++    ++    ++   ++    ++    +    ++    +++++++++++++    ++   ++++++++    ++   ++    ++   ++    ++    ++   ++    ++    ++++++++++++++++++    ++    +++++++++++++    +    +++++++++++++    ++    ++   +++++++++++++    ++    ++   ++    +++++++++++++++++++    ++
++   ++    ++    ++   ++    ++    +    ++         ++                                                       ++   ++          ++                          ++   ++          ++         ++   +++   ++    ++   ++                          ++    ++    ++   ++    ++    +    ++    ++               ++   ++    ++    ++   ++    ++   ++    ++    ++   ++    ++                          ++    ++               ++   ++               ++    ++   ++               ++    ++   ++                     ++    ++
++   ++    ++    ++   ++    ++    +    ++    ++   ++    +++++++++++++++++++++++++++++++++++++++++++++++    ++   ++++++++    +     ++++++++++++++++++++++++   ++    +++++++++++++    ++   +++   ++    ++   +++++++++++++++++++++++++   ++    ++    ++   ++    ++    +    ++    ++   ++++++++++++++   ++    ++    ++   ++    ++   ++    ++    ++   ++    ++++++++++++++++++++++++++++++    ++   +++++++++++++    ++    +++++++++++++    ++   ++    +++++++++++++++++++   ++++++++    +++++++++++++    ++
++   ++    ++    ++   ++    ++    +    ++    ++   +++    ++++++++++++++++++++++++++++++++++++++++++++++    ++   +++++++     +     ++++++++++++++++++++++++   ++    +++++++++++++    ++   ++    ++    ++    +++++++++++++++++++++++    ++    ++    ++   ++    ++    +    ++    ++   +++++++++++++    ++    ++    ++   ++    ++   ++    ++    ++   ++     ++++++++++++++++++++++++++++     ++    ++++++++++++    ++     ++++++++++++    ++   ++     ++++++++++++++++++    ++++++     ++++++++++++     ++
++   ++    ++    ++   ++    ++    +    ++    ++   +++                                                ++    ++   ++          +                           ++   ++    ++         ++    ++   ++    ++    ++                               ++    ++    ++   ++    ++    +    ++    ++   ++               ++    ++    ++   ++    ++   ++    ++    ++   ++                                      ++                    ++               ++    ++   ++                     ++               ++              +++
++   ++    ++    ++   ++    ++    +    ++    ++   +++++++++++++++++++++++++++++++++++++++++++++++    ++    ++   ++    ++++++++++++++++++++++++++++++    ++   ++    ++    +    ++    ++   ++    ++    +++++++++++++++++++++++++++++++++++    ++    ++   ++    ++    ++   ++    ++   ++    ++    +++++++    ++    ++   ++    ++   ++    ++    ++   +++++++++++++++++++++++++++++++++++++++++++++++++++++++++++++++++++++++++++    ++    ++   ++    +++++++++++++    ++   ++++++++++++++   ++++++++++++++
++   ++    ++    ++         ++         ++    ++   ++               ++                                ++         ++                     ++         ++    ++   ++    ++    +    ++    ++   ++    ++    ++         ++                    ++    ++    ++   ++    ++   +++   ++    ++   ++    ++    ++   ++    ++    ++   ++    ++   ++          ++                                           ++                               ++    ++         ++    ++               ++   ++               ++         +++
++   ++    ++    ++  +++++++++     ++  ++    +++++++         ++++++++        ++++++++      ++++++++++++++++++++++++    +++++++++++     ++         ++    ++   ++    ++    +    ++    ++   ++    ++    ++         ++         +++++++++++++    ++    ++   ++    ++    +    ++    ++   ++    ++    ++   ++    ++    ++   ++    ++   +++++++    +++                +++++++++++   ++++++++     ++                               ++    ++ ++++    ++    ++     +++++     +++++++        +++    ++         +++
++   ++    ++    +++++++++++++    +++++++    +++++++    +++++++++++++    ++++++++++++++++++++++++++++++++++++++++++++++++++++++++++    ++   ++    ++    ++   ++    ++   +++   ++    ++   ++    ++    ++   ++    ++    ++++++++++++++++++    ++    ++   ++    ++    +    ++    ++   ++    ++    ++   ++    ++    ++   ++    ++   +++++++++++++++++++++++++++++++++++++++++++++++++++++    ++                               ++    +++++++++++++    ++    ++++++++++++++++++    +++++++++++++    ++   +++
++   ++          ++               ++                    ++                                                                       ++    ++   ++    ++    ++   ++    ++   +++   ++    ++   +++   ++    ++   ++    ++    ++                    ++    ++   ++          +    ++    ++   ++    ++   +++   ++    ++   +++   ++    ++   ++                                           ++          ++                               ++               ++    ++    +                     ++               ++    ++
++   +++        +++              +++                    ++                                                       +               ++    ++   ++    ++    ++   ++    ++   +++   ++    ++   +++   ++    ++   ++    ++    ++                    ++    ++   +++     ++++++   ++    ++   +++   ++   +++   ++    ++   +++   ++    ++   ++                           +               ++          ++                          +    +++              ++    ++    +     ++++++          ++               ++    ++
++    ++++++++++++++++++++++++++++++++++++++++++++++++++++    +++++++++++++++++++++++++++++++++++++++++++++++++++++++++++++++    ++    ++   ++    ++    ++   ++    ++    ++   ++    ++   ++    ++    ++   ++    ++   +++   +++++++++++++    ++    ++   +++++++++++++    ++    ++   ++    ++    ++   ++    ++   +++   ++    ++   ++    ++++++++++++++++++++++++++++++++++++   ++    ++    ++    ++++++++++++++++++++++++++++++++++++++++    ++    ++    +    +++++++++++++    ++    +++++++++++++    ++
++                                                            ++                                                ++          ++   ++    ++   ++    ++    ++   ++    ++    ++   ++    ++   ++          ++   ++         +++   ++         ++    ++    ++   ++               ++    ++   ++    ++    ++   ++    ++    ++   ++    ++   ++    ++         ++          ++         ++   ++    ++    ++                          ++                    ++    ++    +    ++         ++    ++    ++               ++
++++++++++++++++++++++++++++++++++++++++++++++++++++++++++++++++    ++++++++++++++++++++++++++++++++++++++++    ++          ++   ++    ++   ++    ++    ++   ++    ++    ++   ++    ++   +++++++     ++   +++++++    +++   ++         ++    ++    ++   ++     ++++++++++++    ++   ++    ++    ++   ++    ++    ++   ++    ++   ++    ++         ++          ++         ++   ++    ++    ++++++++++++++++++          ++    ++++++++++++++++++    ++    +    +++++++    ++    ++    ++    +++++++++++++
++++++++++++++++++++++++++++++++++++++++++++++++++++++++++++++++    +++++++++++++++++++++++++++++++++++++++++   ++    ++    +    ++    ++   ++    ++    ++   ++    ++   +++   ++    ++    +++++++    ++   ++++++++    +    ++    ++   ++    ++    ++   ++    +++++++++++++    ++   ++    ++    ++   ++    ++    ++   ++    ++   ++    ++    ++   ++    ++    +    ++    ++   ++    ++    ++++++++++++++++++    ++    ++    ++++++++++++++++++    ++   +++   ++++++++    +    ++    ++   ++++++++++++++
++   ++               ++                                      ++                            0              ++   ++    ++    +    ++         ++    ++    ++   ++    ++   +++   ++    ++         ++    ++         ++    +    ++    ++   ++    ++    ++   ++                     ++   ++    ++    ++   ++    ++   +++   ++    ++   ++    ++    ++   ++    ++    +    ++    ++   ++    ++                     ++   ++    ++                    ++    ++   +++         ++         ++    ++   ++          ++
++   ++    +++++++    ++    ++++++++++++++++++++++++++++++    +++++++++++++++++++++++++++++++++++++++++    ++   ++    ++    +    +++++++++++++    ++    ++   ++    ++    ++   ++    +++++++    +++++++++++++    +++++++    ++++++++   ++    ++    ++   +++++++++++++++++++++++++   ++    ++    ++   ++    ++   +++   ++    ++   +++   ++    ++   ++    ++    +    ++    ++   ++    +++++++++++++++++++   +++   ++    ++++++++++++++++++    ++    ++   ++++++++    +++++++++++++    ++   ++    ++    ++
++   ++    +++++++    ++    ++++++++++++++++++++++++++++++    +++++++++++++++++++++++++++++++++++++++++    ++   ++    ++    +    +++++++++++++    ++    ++   ++    ++    ++   ++    +++++++    +++++++++++++    +++++++    ++++++++   ++    ++    ++   +++++++++++++++++++++++++   ++    ++    ++   ++    ++   +++   ++    ++   +++   ++    ++   ++    ++    +    ++    ++   ++    +++++++++++++++++++    ++   ++    +++++++++++++++++++   ++    ++    +++++++    +++++++++++++    ++   ++    ++    ++
++   ++    ++         ++    ++                                                                       ++    ++   ++    ++    +    ++               ++    ++   ++    ++   +++   ++         ++               ++                          ++    ++    ++   ++                          ++    ++    ++   ++    ++    ++   ++    ++   +++   ++    ++   ++    ++    +    ++    ++   ++                     ++    ++   ++                     ++   ++    ++    +                     ++    ++   ++    ++    ++
++   ++    ++    +++++++    ++    +++++++++++++++++++++++++++++++++++++++++++++++++++++++++++++++    ++    ++   ++    ++    +    ++    +++++++++++++    ++   ++    ++   +++   ++++++++   ++++++++++++++   ++++++++++++++++++++++++++++++    ++    ++   ++    ++++++++++++++++++++++++++++++    ++   ++    ++    +    ++    ++   +++   ++    ++   ++    ++    +    ++    ++   +++++++++++++++++++    ++    ++   +++++++++++++++++++++++++   ++    ++    +     ++++++++++++    ++    ++   ++    ++    ++
++    +    ++    +++++++    ++    +++++++++++++++++++++++++++++++++++++++++++++++++++++++++++++++    ++    ++   ++    ++    +    ++    +++++++++++++    ++   ++    ++    ++    +++++++   ++++++++++++++    +++++++++++++++++++++++++++++    ++    +    ++     +++++++++++++++++++++++++++++    ++   ++    ++    ++   ++    ++   +++   ++    ++   ++    ++    +    ++    ++    ++++++++++++++++++    ++    +     +++++++++++++++++++++++    ++    ++    ++    ++++++++++++    ++    ++   ++    ++    ++
++         ++    ++         ++                                                                 ++    ++    ++   ++    ++    +    ++                     ++   ++          ++         ++   ++          ++                                     ++         ++                                      ++   ++    ++    ++   ++    ++   +++   ++    ++   ++    ++    +    ++    ++                          ++                                     ++    ++    ++              ++    ++    ++   ++    ++    ++
+++++++++++++    ++   ++++++++++++++++++++++++++++++++++++++++++++++++++++++++++++++++++++++   ++    ++    ++   ++    ++    +    +++++++++++++++++++++++++   +++++++++++++++++++    ++   ++    ++    ++++++++++++++++++++++++++++++++++++++++++++++++++++++++++++++++++++++++++++++++++++++    ++   ++    ++    +    ++    ++   +++   ++    ++   ++    ++    +    ++    ++++++++++++++++++++++++    +++++++++++++++++++++++++++++++++++++++++    ++    +++++++++++++   ++    ++++++++   ++    ++    ++
+++++++++++++    ++   ++++++++++++++++++++++++++++++++++++++++++++++++++++++++++++++++++++++   ++    ++    ++   ++    ++    +     ++++++++++++++++++++++++    ++++++++++++++++++    +    ++    ++    ++++++++++++++++++++++++++++++++++++++++++++++++++++++++++++++++++++++++++++++++++++++    ++   ++    ++    +    ++    ++   ++    ++    ++   ++    ++    +    ++    ++++++++++++++++++++++++    +++++++++++++++++++++++++++++++++++++++++    ++    +++++++++++++   ++    +++++++    ++    ++    ++
++               ++   ++                                                                  ++   ++    ++    ++   ++    ++    +                           ++                    ++         ++    ++    ++                                                                 ++               ++    ++   ++    ++         ++    ++   ++    ++    ++   ++    ++    +    ++               ++                                     ++                     ++               ++   ++               ++    ++    ++
++    +++++++++++++   ++    +++++++++++++    +++++++++++++++++++++++++++++++++++++++++    ++   ++    ++    ++   ++    ++    ++++++++++++++++++++++++    ++++++++++++++++++    +++++++++++++    ++    ++   ++++++++++++++++++++++++++++++++++++++++++++++++++++++++++    ++    +++++++    ++    ++   ++    +++++++++++++    ++   ++    ++    ++   ++    ++    +    +++++++++++++    ++    ++   ++++++++++++++++++++++++++++++    ++++++++++++++++++++++++++++++    ++   +++++++++++++++++++    ++    ++
++    ++++++++++++    ++    +++++++++++++     ++++++++++++++++++++  +++++++    +++++++    ++   ++    ++    ++   ++    ++    ++++++++++ ++++++++++++      +      +++++++++++    ++++++++++++    ++    ++   +++   ++++++++++++++++++++++++++++++++++++++++++++++++++++    ++    +++++++    ++         ++     +++++++++++     ++   ++    ++    ++         ++    +    +++++++++++++    ++    ++   ++++++++++++++++++++++++ +++++    +++++++    +++++++++++++++++++    ++     +  +++++++++++++     ++    ++
++                    ++    ++         ++                                           ++    ++   +++   ++    ++   ++    ++   +++         ++                                ++                    ++    ++   ++                                                       +    ++    ++   ++    ++         ++                     ++   ++    ++    ++         ++    +    ++               ++    ++   ++                                ++                          ++    ++                          ++    ++
++++++++++++++++++++++++    ++    +    +++++++++++++++++++++++++++++++++++++++++    ++    ++   +++   ++    ++   ++    ++   +++   ++    ++   +++++++++++++++++++++++++    ++++++++++++++++++++++++    ++   ++    +++++++++++++++++++++++++++++++++++++++++++++++    +    ++    ++   ++    +++++++++++++    +++++++++++++++++++   ++    ++    +++++++++++++    +    ++    +++++++++++++    ++   ++    ++++++++++++++++++++++++++++++    ++++++++++++++++++    ++    ++++++++++++++++++++++++++++++    ++
++                          ++    +    ++                                      +    ++         +++         ++         ++   +++   ++    ++   ++          ++         ++                    ++          ++   ++    ++                                           ++    +    ++    ++   ++                     ++                    ++          ++                    ++                     ++   ++                                      ++               ++   ++                                      ++
++    ++++++++++++++++++++++++    +    ++    +++++++++++++++++++++++++++++     +    ++++++++++++++++++++++++++++++++++++   +++   ++    ++   ++          ++         +++++++++++++    +    ++     +++++++   ++    ++   ##########  ##            ########      ++    ++   ++    ++   +++++++++++++++++++++++++    ++++++++++++++++++++++++++++++++++++++++++++++++++++++++++++++++++++++++++++++++++++++++++++++++++++++++++++++++++++++++    ++++++     +    ++++++++++++++++++++++++++++++++++++++++++
++    ++++++++++++++++++++++++    +    ++    ++++++++++++++++++++++++++++++    +    ++++++++++++++++++++++++++++++++++++   +++   ++    ++   ++    ++    ++   ++    +++++++++++++    ++   ++    ++++++++   ++    ++   ##########  ##            ########      ++    ++   ++    ++    ++++++++++++++++++++++++    ++++++++++++++++++++++++++++++++++++++++++++++++++++++++++++++++++++++++++++++++++++++++++++++++++++++++++++++++++++++++    +++++++    +    ++++++++++++++++++++++++++++++++++++++++++
++   ++                           +    ++    ++                                +                                           +++   ++    ++   ++    ++    ++   ++    ++         ++    ++   ++          ++   ++    ++   ##          ##          ##              ++    +    ++                          ++          ++                                                                                                                               ++    +               ++                           ++
++   ++     +++++++++++++++++++++++    ++    ++    ++++++++++ +     +++++++++++++++++++++++++++++++++++++++++++++++++++    +++   ++    ++   ++    ++    ++   ++    ++    +    ++    ++   +++++++     ++   ++    ++   ##          ##          ##              ++    +    ++    ++++++++++++++++++    ++    ++++++++++++++++++     ++++++++++++++++++++++++++++++++++++++++++++++++++++++++++++++++++++++++++++++++++++++++++++++++++++++     +    ++    ++++++++++++    ++     +++++++++++++++++     ++
++   ++    ++++++++++++++++++++++++    ++    ++   ++++++++++++++   +++++++++++++++++++++++++++++++++++++++++++++++++++++   +++   ++    ++   ++    ++    ++   ++    ++    +    ++    ++   ++++++++    ++   ++    ++   ##          ##          ##              ++    +    ++    ++++++++++++++++++    ++    ++++++++++++++++++    +++++++++++++++++++++++++++++++++++++++++++++++++++++++++++++++++++++++++++++++++++++++++++++++++++++++    ++    ++    +++++++++++++   ++    +++++++++++++++++++   +++
++   ++    ++                          ++    ++   ++          ++   ++                                                 ++   +++   ++    ++   ++    ++    ++   ++    ++    ++   ++    ++               ++   ++    ++   ##          ##          ##                    ++   ++    ++                    ++    ++                    ++                                                 ++                                                      ++    ++    ++         ++   +++   ++               ++   +++
++   ++    ++    +     ++++++++++++++++++    ++   ++          ++   ++    +++++++++++++++++++++++++++++++++++++++++    ++   +++   ++++++++   ++    ++    ++   ++    ++    ++   ++    +++++++++++++++++++   ++    ++   ##          ##            ########      ++   +++   ++    ++    ++++++++++++++++++    ++    ++++++++++++    ++    +++++++++++++++++++++++++++++++++++++++++    ++    ++++++++++++++++++++++++++++++++++++++++++++++++++++    ++    ++    +    ++   ++    ++    +++++++    ++   +++
++   ++    ++    ++    ++++++++++++++++++    ++    +    ++    ++   ++    +++++++++++++++++++++++++++++++++++++++++    ++    ++   ++++++++   +++   ++    ++   ++    ++   +++   ++    +++++++++++++++++++   ++    ++   ##          ##            ########      ++    ++   ++    ++    ++++++++++++++++++    ++   ++++++++++++++   ++    +++++++++++++++++++++++++++++++++++++++++    ++    ++++++++++++++++++++++++++++++++++++++++++++++++++++    ++   +++   ++    ++   ++    ++    +++++++    ++   +++
++   ++    ++    ++                          ++         ++    ++   ++    ++                                     ++    ++    ++              ++    ++    ++   ++    ++   +++   ++                     ++   ++    ++   ##          ##                    ##    ++    ++   ++    ++         ++         ++    ++   +++         ++   ++    ++                                     ++    ++    ++                               ++               ++    ++    ++   ++    ++   ++    ++    ++   ++    ++   +++
++   ++    ++    +++++++++++++++++++++++++++++++++++++++++    ++   ++    ++    +++++++++++++++++++++++++++++    ++    ++    ++++++++++++++++++    ++    ++   ++    ++   +++   +++++++++++++++++++    ++   ++    ++   ##          ##                    ##    ++    ++   ++    +++++++    ++    +    ++    ++    ++    +    ++   ++    ++    ++++++++++++++++++++++++++++++   ++    ++    ++    ++++++++++++++++++++++++   ++    +++++++    ++    ++    +    ++    ++   ++    ++    ++   ++    ++   +++
++   ++    ++    +++++++++++++++++++++++++++++++++++++++++    ++   ++    ++    +++++++++++++++++++++++++++++    ++    ++    ++++++++++++++++++    ++    ++   ++    +     ++    ++++++++++++++++++    ++   ++    ++   ##          ##                    ##    ++    +    ++    +++++++    ++    ++    +    ++    ++   ++    ++   ++    ++    ++++++++++++++++++++++++++++++   ++    ++    ++   ++++++++++++++++++++++++    ++    ++++++++   ++    ++    +    ++    ++   ++    ++    ++   ++    ++   +++
++   ++    ++    ++                                     ++    ++   ++    ++    ++                               ++    ++                          ++    ++   ++          ++                    ++    ++   ++    ++   ##          ##                    ##    ++         ++         ++          ++         ++    ++   ++    ++   ++    ++    ++                          ++   +++   ++    ++   ++                          ++    ++    ++   ++    ++    +    ++    ++   ++    ++    ++   ++    ++   +++
++   ++    ++    ++   ++++++++++++++++++++++++++++++    ++    +++++++    ++    ++   ++++++++++++++++++++++++++++++    ++    +    +++++++++++++++++++    ++   ++++++++++++++++++++++++++++++    ++    ++   ++    ++   ##########  ##########    ########      ++++++++++++++++++    +++++++++++++++++++++++++    ++   ++    ++   ++    ++    ++   +++++++++++++++++++    ++   +++   ++    ++   ++    ++++++++++++++++++++++++    ++    ++   ++    ++    +    ++    ++   ++    ++    ++   ++    ++   +++
++   ++    ++    ++   +++++++++++++++++++++++++++++     ++    ++++++     ++    ++   +++++++++++++++++++ ++++++++++    ++    +    ++++++++++++++++++     ++    +++++++++++++++++++++++++++++    ++    ++   ++    ++   ##########  ##########    ########      ++++++++++++++++++     +++++++++++++++++++++++    +++   ++    ++   +++   ++    ++   +++++++++++++++++++    ++   ++    ++    ++   ++    ++++++++++++++++++++++++    ++    ++   ++    ++    +    ++    ++   ++    ++    ++   ++    ++    ++
++   ++    ++    ++   ++                                ++               ++    ++   ++                          ++    ++    +    ++                     ++                               ++    ++    ++   ++    ++                                                                                              ++   ++    ++   +++   ++    ++   ++          ++   ++    ++   ++    ++    ++   ++    ++                          ++    ++   ++    ++    +    ++    ++   ++    ++    ++   ++    ++    ++
++   ++    ++    ++   ++    +++++++++++++    ++++++++++++++++++++++++++++++    ++   ++    +++++++++++++++++++   ++    +++++++    ++    ++++++++++++++++++++++++++++++++++++++++++++++    ++    ++    ++   ++    +++++++++++++++++++++++++++++++++++++++++++++++++++++++++++++++++++++++++++++++++++++++++++++++++    ++    ++   +++   ++    ++   ++    ++   +++   ++    ++   ++    ++    ++   ++    ++    ++++++++++++++++++++++++    ++   ++    ++    +    ++    ++   ++    ++    ++   ++    ++    ++
++         ++    ++   ++     ++++++++++++    ++++++++++++++++++++++++++++++    ++         +++++++++++++++++++   ++     ++++++    ++     +++++++++++++++++++++++++++++++++++++++++++++    ++    ++    ++   ++    +++++++++++++++++++++++++++++++++++++++++++++++++++++++++++++++++++++++++++++++++++++++++++++++++    ++    ++   +++   ++    ++   ++    ++   +++   ++    ++   ++          ++   ++    ++    +++++++++++++++++++++++     ++   ++    ++    +    ++    ++   ++    ++    ++   ++    ++    ++
++         ++    ++   ++               ++                                ++    ++         ++               ++   ++               ++                                ++                    ++    ++    ++   ++          +                                                                                              ++    ++   +++   ++    ++   ++    ++   +++   ++    ++   ++          ++   ++    ++    +    ++         ++          ++   ++    ++    ++   ++    ++   ++    ++    ++   ++    ++    ++
+++++++++++++    ++   +++++++++++++    ++++++++++++++++++++++++++++++    +++++++++++++++++++   ++++++++    ++   +++++++++++++++++++++++++++++++++++++++++++++++    ++    ++++++++++++++++++    ++    ++   +++++++++++++    ++++++++++++++++++++++++++++++++++++++++++++++++++++++++++++++++++++++++++++++++++++++++++++    ++   +++   ++    ++   ++    ++   +++   ++    ++   ++++++++++++++   ++    ++    ++   ++    ++   ++    ++    ++   ++    ++   +++   ++    ++   ++    ++    ++   ++    ++    ++
++++++++++++     ++   ++++++++++++++          +++++++++++++++++++++++     +++++++++++     ++   +++++++     ++    ++++++   +++++ +++++++++++++      ++++++++++++    ++     +++++++++++++++++    ++    ++       +++    ++    ++++++++++++                                 ++                                           ++    ++   +++         ++   ++    ++    ++   ++         +++++++++++++    ++    ++   +++   ++    ++   ++    ++    ++         ++   +++   ++    ++   ++    ++    ++   ++    ++    ++
++              +++   ++         +++                               ++                     ++   ++         +++                                                ++    ++                    ++    ++    ++               +    ++                                 +++       ++                                           ++    ++   +++         ++   ++    ++   +++   ++         +++              ++    ++   +++   ++    ++   ++    ++    ++         ++   +++   ++    ++   ++    ++    ++   ++    ++    ++
++   ++++++++++++++   ++    ++    +++++++++++++++++++++++++++++    +++++++++++++++++++    ++   ++    +++++++++++++++++++++++++++++++++++++++++++++++++++++   ++    +++++++++++++++++++   ++    ++    +++++++++++++    +    ++    ++++++++++++++++++++++++++++++++++++   +++++++++++++++++++++++++++++++++++++++++    ++    ++   ++++++++++++++   ++    ++   +++   ++         ++    +++++++++++++    ++   +++   ++    ++   ++    ++    +++++++    ++    +    ++    ++   ++    ++    ++   ++    ++    ++
++   ++          ++   ++    ++                                     ++               ++    ++   ++    ++                                                 ++   ++    ++               ++   ++    ++    ++         ++    +    ++    ++         ++                    +++   ++                                           ++    ++   ++          ++   ++    ++   +++   ++         ++    ++               ++   +++         ++   ++    ++         ++    ++         ++         ++    ++    ++         ++    ++
++   ++     +    ++   ++    ++    ++++++++++++++++++++++++    +    ++    +++++++    ++    +++++++    ++    ++++++++++++++++++++++++++++++++++++++++     ++   ++    ++    +++++++    ++   ++    ++    ++    +    ++    +    ++    ++    +    ++    ++++++++++++    +++   ++    +++++++++++++++++++++++++++++++++++++++++    ++   ++          ++   ++    ++   +++   +++++++++++++    ++    +++++++++++++   ++++++++++++++   +++++++++++++    ++    ++++++++++++++++++++++++    ++    +++++++++++++    ++
++   ++    ++    ++   ++    ++    ++++++++++++++++++++++++    ++   ++    +++++++    ++    +++++++    ++    +++++++++++++++++++++++++++++++++++++++++    ++   ++    ++    +++++++    ++   ++    ++    ++   ++    ++   +++   ++    ++   ++    ++    +++++++++++++   +++   ++    +++++++++++++++++++++++++++++++++++++++++    ++   ++    ++    ++   ++    ++    +    +++++++++++++    ++    +++++++++++++    +++++++++++++   ++++++++++++++   ++    ++++++++++++++++++++++++    ++    +++++++++++++    ++
++   ++    ++    ++   ++    ++   +++                    ++    ++   ++          ++   ++               ++                     +                           ++   ++    ++         ++    ++   ++    ++    ++   ++    ++   +++   ++    ++   ++    ++    ++    +    ++   +++   ++                                           ++    ++   ++    ++    ++         ++                          ++    ++         ++                    ++          ++                                     ++                     ++
+++++++    ++    ++   ++    ++++++++   +++++++++++++    ++    ++++++++++++     ++   +++++++++++++++++++++++++++++++++++     +     ++++++++++++++++++++++++   ++    +++++++    ++    ++   +++   ++    ++   ++    ++   +++   ++    ++   ++    ++    ++   ++    ++   +++   +++++++++++++++++++++++++++++++++++++++++    ++    ++   ++    ++    +++++++++++++++++++++++++++++++++++++++++    ++    +    ++++++++++++++++++++++++    ++    ++++++++++++++++++++++++++++++++++++++++++++++++++++++++++++++++
+++++++    ++    ++   ++    +++++++    +++++++++++++    ++    +++++++++++++    +    ++++++++++++++++++++++++++++++++++++   +++    ++++++++++++++++++++++++   ++    ++++++++   ++    ++   +++   ++    ++   ++    ++    ++   ++    ++   ++    ++    ++   ++    ++   +++   +++++++++++++++++++++++++++++++++++++++++    ++    ++   ++    ++    +++++++++++++++++++++++++++++++++++++++++    ++   ++    ++++++++++++++++++++++++    ++    ++++++++++++++++++++++++++++++++++++++++++++++++++++++++++++++++
++         ++         ++               ++         ++    ++    ++         ++    +                                           +++                               ++          ++   ++         ++    ++    ++   ++    ++    +    ++    ++   ++    ++    ++   ++    ++    ++                                                      ++   ++    ++                     +                           ++   ++    ++                    ++    ++    ++         ++         ++                                ++    ++
++    +++++++++++++++++++++++++++++++++++    +    ++    ++    ++    +    ++    ++++++++++++++++++++++++++++++++++++++++    +++    +++++++++++++++++++++++    ++    ++    ++   +++++++++++++    ++    ++   ++    ++    +    ++    ++   ++    ++    ++   ++    ++    ++++++++++++++++++++++++    ++++++++++++++++++++++++++++++   ++    ++    +++++++++++++    +    +++++++++++++++++++++++++   ++    ++    +++++++++++++   ++    ++    ++    +    ++    +    ++    ++++++++++++++++++++++++    ++    ++
++   ++++++++++++++++++++++++++++++++++++    ++   ++    ++    ++   ++    ++    +++++++++++++++++++++++++++++++++++++++++    ++    ++++++++++++++++++++++++   ++    ++    ++   +++++++++++++    ++    +    ++    ++    +    ++    ++   ++    ++    ++   ++    ++    ++++++++++++++++++++++++    ++++++++++++++++++++++++++++++    +    ++    +++++++++++++    +    ++++++++++++++++++++++++    ++    ++   ++++++++++++++   ++    ++    ++   ++    ++    ++   ++    ++++++++++++++++++++++++    ++    ++
++   ++                                ++    ++   ++    ++    ++   ++    ++    ++   ++    ++         ++                     +                           ++   ++    ++    +    ++         ++    ++         ++          ++   ++    ++   ++          ++   ++    ++    ++                    ++                                           ++    ++         ++    +    ++                          ++    ++   +++         ++   ++    ++    ++   ++    ++    ++   ++    ++                          ++    ++
++   ++    ++++++++++++++++++++++++    ++    ++   ++    ++    ++   ++    ++    ++   ++    ++    +    ++    +++++++++++++++++++++++++++++++++++++++++    ++   ++    ++    +    ++    ++   ++    +++++++++++++++++++++++++   ++    ++   ++++++++++++++   ++    ++    ++   +++++++++++++    +++++++++++++++++++++++++++++++++++++++++++++++    ++   ++    ++    +    ++    ++++++++++++++++++++++++    ++   +++   ++    ++   ++    ++    ++   ++    ++   +++   ++    ++    ++++++++++++++++++++++++    ++
++   ++     +++++++++++++++++++++++    ++    ++   ++    ++    ++   ++    ++   +++   ++    ++   ++    ++    ++++++++++++++++++++++++++++++++++++++++     ++   ++    ++    +    ++    ++   ++    +++++++++++++++++++++++++   ++    ++   +++++++++++++    ++    +    +++   +++++++++++++    +++++++++++++++++++++++++++++++++++++++++++++++    +    ++    ++    +    ++    ++++++++++++++++++++++++    ++   +++   ++    ++   ++    ++    ++   ++    ++   +++   ++    ++   +++++++++++++++++++++++++    ++
++   ++                           +    ++    ++   ++    ++    ++   ++    ++   +++   ++    ++   ++    ++                                                 ++   ++    ++         ++    ++   ++    ++                    +++   ++    ++   ++               ++         +++   ++               ++         ++         +++                    ++         ++    ++    +    ++    ++                          ++   +++   ++    ++   ++    ++    ++   ++    ++   +++   ++    ++   ++          ++         ++    ++
++   +++++++++++++++++++++++++    +    ++    ++   ++    ++    ++   ++    ++   +++   ++    ++   ++    +++++++++++++++++++++++++++++++++++++++++++++++++++++   ++    +++++++++++++    ++   ++    ++    +++++++++++++    ++   ++    ++   ++    +++++++++++++++++++++++++   ++    +++++++++++++    ++   ++    ++   +++   +++++++++++++    +++++++++++++    ++    +    ++    ++   +++++++++++++++++++++++++   +++   ++    ++   ++    ++    ++   ++    ++   +++   ++    ++   ++    ++    ++   ++    ++    ++
++   ++                     ++    +    ++    ++   ++    ++    ++   ++    ++    ++   ++    ++   ++                                                            ++               ++    ++   ++    ++    ++         ++    ++   ++         ++                                ++    ++               ++   ++    ++   +++              ++               ++    ++    +    ++    ++   ++          ++         ++   +++   ++    ++   ++    ++    ++   ++    ++   +++   ++    ++   ++    ++    ++   ++    ++   +++
++   ++                     ++    +    ++    ++   ++    ++    ++   ++    ++    ++   ++    ++   ++                                                            ++               ++    ++   ++    ++    ++         ++    ++   ++         ++                                ++    ++               ++   ++    ++   +++              ++               ++    ++    +    ++    ++   ++          ++         ++   +++   ++    ++   ++    ++    ++   ++    ++   +++   ++    ++   ++    ++    ++   ++    ++   +++
++   ++    +++++++++++++    ++    +    ++    ++   ++    ++    ++   ++    ++    ++   ++    ++   +++++++++++++++++++++++++++++++++++++++++++++++++++++++++++++++++++++++++++    ++    ++   ++    ++    ++   ++    ++    +    +++++++++++++++++++++++++++++++++++++++++++++++    ++   ++++++++++++++   ++    ++    +++++++++++++   ++++++++++++++   ++    ++    +    ++    ++   ++    ++    ++   ++    ++   +++   ++    ++   ++    ++    ++   ++    ++   +++   ++    ++   ++    ++    ++   ++    ++   +++
++   ++    ++         ++    ++    +    ++    ++   ++    ++    ++   ++    ++    ++   ++    ++   +++                               ++         ++                          ++    ++    ++   ++    ++    ++   ++    ++    +    ++                                                 ++   ++               ++    ++                    +++         ++         ++    +    ++    ++   ++    ++    ++   ++    ++    ++   ++    ++         ++    ++   ++    ++    ++         ++   ++    ++    ++   ++    ++    ++
++   +++   ++         ++    ++    +    ++    ++   ++    ++    ++   ++    ++    ++   ++    ++   +++                               ++         ++                           +    ++    ++   ++    ++    ++   ++    ++    +    ++                                                 ++   ++               ++    ++                    ++          ++         ++    +    ++    ++   ++    ++    ++   ++    ++    ++   ++    ++         ++    ++   ++    ++    ++         ++   ++    ++    ++   ++    ++    ++
++   +++   ++    ++   ++    ++    +    ++    ++   ++    ++    ++   ++    ++    ++   ++    ++   +++++++++++++++++++++++++    +    ++    ++   ++    +++++++++++++++++++    +    ++    ++   ++    ++    ++   ++++++++    +    ++    +++++++++++++++++++++++++++++++++++++++++++++++   ++    +++++++++++++    ++++++++++++++++++++++++    ++    +++++++    ++    +    ++    ++   ++    ++    ++   ++    ++   +++   ++    +++++++++++++    ++   ++    ++    +++++++++++++   ++    ++    ++   ++    ++    ++
++   +++   ++    ++   ++    ++   +++   ++    ++   ++    ++    ++   ++    ++   +++   ++    ++                          ++   +++   ++    ++   ++    ++                     +    ++    ++   ++    ++    ++               +    ++    ++                                                +++   ++                                     ++    ++         ++    ++    +    ++    ++   ++    ++    ++   ++    ++   +++   ++                     ++   ++    ++   +++              ++    ++    ++   ++    ++    ++
++   +++   ++    ++   ++    ++   +++   ++    ++   ++    ++    ++   ++    ++   +++   ++    ++                          ++   +++   ++    ++   ++    ++        ++          ++    ++    ++   ++    ++    +++             ++    ++    ++                     ++++++                     ++    ++                                     ++    ++         ++    ++    +    ++    ++   ++    ++    ++   ++    ++   +++   +++  ++     +     +++++++   ++    ++   +++       +++++++++    ++    ++   ++    ++    ++
++   +++   ++    ++   ++    ++   +++   ++    ++   ++    ++    ++   ++    ++    ++   ++    ++++++++++++++++++++++++    ++   +++   ++    ++   +++   ++    ++++++++++++++++++    ++    ++   ++    ++    ++++++++++++++++++    ++    ++++++++++++++++++++++++++++++    ++++++++++++++++++    ++    +++++++++++++++++++++++++++++    ++    ++++++++   ++    ++    +    ++    ++   ++    ++    ++   ++    ++    +    +++++++++++++++++++++++++   ++    ++   +++   +++++++++++++    ++    ++   ++    ++    ++
++   +++         ++   ++    ++   +++         ++   ++    ++         ++    ++    ++   ++                                ++   +++   ++    ++   +++   ++                          ++    ++   ++    ++    ++                    ++    ++                          ++                    ++    ++    ++                               ++          ++   ++    ++    +          ++   ++    ++    ++   ++    ++    +    ++         ++          ++   ++    ++   +++   ++               ++    ++   ++    ++    ++
++   ++++++++++++++   ++    ++    +++++++++++++   ++    +++++++++++++    ++    ++   ++++++++++++++++++++++++++++++++++++   +++   ++    ++   +++   ++++++++++++++++++++++++++++++    ++   ++    ++    ++    ++++++++++++++++++    ++    ++++++++++++++++++    ++++++++++++++++++    ++    ++    ++    +++++++++++++++++++++++++++++++++++    ++   ++    ++    +++++++++++++   ++    ++    ++   ++    ++    +    ++    +    ++    ++    ++   ++    ++   +++   ++    +++++++++++++    ++   ++    ++    ++
++   ++++++++++++++   ++    ++    +++++++++++++   ++    +++++++++++++    ++    ++   ++++++++++++++++++++++++++++++++++++   +++   ++    ++   +++   ++++++++++++++++++++++++++++++    ++   ++    ++    ++   +++++++++++++++++++    ++   +++++++++++++++++++    +++++++++++++++++++   ++    ++    ++   ++++++++++++++++++++++++++++++++++++    ++   ++    ++    +++++++++++++   ++    ++    ++   ++    ++    +    ++    ++   ++    ++    ++   ++    ++   +++   ++    +++++++++++++    ++   ++    ++    ++
++                    ++    ++    +               ++    ++               ++   +++                                           +          ++   ++                     ++               ++   ++    ++    ++   ++          +          ++   ++                                      ++   ++    ++    ++   ++          ++                    ++    ++   ++    ++    +               ++    ++    ++   ++    ++    +    ++    ++   ++    ++    ++   ++    ++    ++   ++    ++               ++   ++    ++    ++
++    ++++++++++++++++++    ++    ++++++++++++++++++    ++    +++++++++++++   +++++++++++++++++++++++++++++++++++++++++++++++++++++++++++   +++++++++++++++++++    ++    +++++++++++++   ++    ++    ++   ++    ++    +    ++++++++   ++    ++++++++++++++++++++++++++++++    ++   ++    ++    ++   ++    ++    ++   +++++++++++++    ++    ++   ++    ++    +    +++++++++++++    ++    ++   ++    +++++++    ++    ++   ++    ++    ++   ++    ++    ++   ++    ++    +++++++++++++   ++    ++    ++
++   +++++++++++++++++++    ++   +++++++++++++++++++    ++    +++++++++++++    ++++++++++++++++++++++++++++++++++++++++++++++++++++++++++    ++++++++++++++++++    ++    +++++++++++++   ++    ++    ++   ++    ++   +++   ++++++++   ++    ++++++++++++++++++++++++++++++    ++   ++    ++    ++   ++    ++   +++   +++++++++++++    ++    ++   ++    ++    +    +++++++++++++    ++    ++   ++    ++++++++   ++    ++   ++    ++    ++   ++    ++   +++   ++    ++   ++++++++++++++   ++    ++    ++
++   ++                     ++   +++                    ++    ++                                                                                                        +++              ++    ++    ++   ++    ++   +++   ++         ++    ++         ++               ++    ++   ++    ++    ++   ++    ++   +++   ++               ++    ++   ++    ++    +    ++               ++    ++   ++         +++   ++    ++   ++    ++    ++   ++    ++   +++   ++    ++   ++          ++   ++    ++    ++
++   ++    +++++++++++++++++++    ++   +++++++++++++++++++    ++   ++++++++++++++++++++++++++++++++++++++++++++++++++++++++++++++++++++++++++++++++++++++++++++++++++++++++++++++++++++++++    ++    ++   ++    ++   +++   +++++++++++++    ++    +    ++    +++++++    ++    ++   ++    ++    ++   ++    ++   +++   ++    +++++++++++++    ++   ++    ++    +    ++    +++++++++++++    ++   ++++++++   +++   ++    ++   ++    ++    ++   ++    ++   +++   ++    ++   ++    ++    ++   ++    ++    ++
++   ++    +++++++++++++++++++    +    +++++++++++++++++++    ++   ++++++++++++++++++++++++++++++++++++++++++++++++++++++++++++++++++++++++++++++++++++++++++++++++++++++++++++++++++++++++    ++    ++   ++    ++    +    +++++++++++++    ++    ++   ++    ++++++++   ++    ++   ++    ++    ++   ++    ++   +++   ++    +++++++++++++    ++   ++    ++   +++   ++    +++++++++++++    ++    +++++++   +++   ++    ++   ++    ++    ++   ++    ++    ++   ++    ++   ++    ++    ++   ++    ++    ++
++   ++    ++                          ++                     ++   ++               ++                     ++                               ++                                ++               ++    ++   ++    ++    +    ++         ++    ++    ++   ++    ++   +++   ++    ++   ++    ++    ++   ++    ++   +++   ++    ++               ++   ++    ++    ++   ++    ++               ++         ++    ++   ++    ++   ++    ++    ++   ++    ++    ++   ++    ++   ++    ++    ++   ++    ++    ++
++   ++    ++    ++++++++++++++++++++++++    +++++++++++++++++++   ++    +++++++    ++    +++++++++++++    ++   +++++++++++++++++++++++++   ++    ++++++++++++++++++++++++    ++    +++++++++++++    ++   ++    ++    +    ++    ++   ++    ++    ++   ++    ++    +    ++    ++   ++    ++    ++   ++    ++    ++   ++    ++    +++++++++++++   ++    ++    +    ++    ++    ++++++++++++++++++    ++    +    ++    ++   ++    ++    ++   ++    ++    ++   ++    ++   ++    ++    ++   ++    ++    ++
++   ++    ++    ++++++++++++++++++++++++    ++++++++++++++++++    ++    ++++++++   ++    +++++++++++++   +++   ++++++++++++++++++++++++    ++    +++++++++++++++++++++++++   ++    ++++++++++++     +    ++    ++    +    ++    ++   ++          ++   ++    ++    +    ++    ++   ++    ++    ++   ++    ++    +    ++    ++   +++++++++++++    ++    ++    ++   ++    ++   +++++++++++++++++++    ++    +    ++    ++   ++    ++    ++   ++    ++    ++   ++    ++   ++    ++    +    ++    ++    ++
++   ++    ++    ++                          ++                    ++          +    ++               ++   +++   ++                          ++    ++                    +++   ++    ++                    ++    ++    +    ++    ++   ++          ++   ++    ++         ++    ++   ++    ++    ++   ++    ++    +    ++    ++   ++               ++    ++    ++   ++    ++   ++               ++    ++    +    ++    ++   ++    ++    ++   ++    ++    ++   ++    ++   ++    ++         ++    ++    ++
++   ++    ++    ++   +++++++++++++++++++++++++    ++++++++++++++++++++++++    +    +++++++++++++    ++   +++   ++    ++++++++++++++++++++++++    ++    +++++++++++++   +++   ++    ++   +++++++++++++++++++    ++    +    ++    ++   ++++++++++++++   ++    +++++++++++++    ++   ++    ++    ++   ++    ++    +    ++    ++   +++++++++++++++++++    ++    +    ++    ++   ++    ++    ++   ++    ++    +    ++    ++   ++    ++    ++   ++    ++    ++   ++    ++   ++    +++++++++++++    ++    ++
++   ++    ++    ++   ++                     ++         ++               ++   +++              +++   ++    ++   ++                                ++    ++         ++   +++   ++    ++   +++         ++         ++    +    ++    ++                    ++                     ++   ++    ++    ++   ++    ++    +    ++    ++   +++                    ++    +          ++   ++    ++    ++   ++    ++    +    ++    ++   ++    ++    ++   ++    ++    +    ++    ++   ++    ++         ++          ++
++   ++    ++    ++   ++                     ++         ++               ++   +++              +++   ++    ++   +++                               ++    ++         ++   +++   ++    ++   ++          ++         ++    +    ++    ++                    ++                     ++   ++    ++    ++   ++    ++    +    ++    ++   +++                    ++    ++         ++   ++    ++    ++   ++    ++    +    ++    ++   +++   ++    ++   ++    ++    +    ++    ++   ++    ++         ++         +++
++   ++    ++    ++   ++    +++++++++++++    ++   ++    ++    ++   ++    ++    +++++++++++++   +++   ++    ++   ++++++++++++++++++++++++++++++++++++    ++   ++    ++   +++   ++    ++   ++    ++    ++   ++++++++    +    ++    ++   ++++++++++++++   +++++++++++++    ++++++++   ++    ++    ++   ++    ++    +    ++    ++   +++   +++++++++++++++++++    +++++++++++++   ++    ++    ++   ++    ++    +    ++    ++   ++    ++    ++   ++    ++    +    ++    ++   ++    ++    ++   ++++++++++++++
++   ++    ++    ++   ++    ++         ++    ++   ++    ++    ++   ++    ++               ++   +++   ++         ++                     ++               ++   ++    ++   +++   ++    ++         ++    ++   ++          +    ++    ++   ++          ++               +               ++          ++   ++    ++         ++    ++   +++                          ++              ++    ++    ++   ++    ++    +    ++    ++   ++    ++    ++   ++          +    ++    ++   ++    ++    ++   ++          ++
++   +++   ++    ++   ++    ++         ++    ++   ++    ++    ++   ++    ++               ++   ++    ++         ++                     ++               ++   ++    ++   +++   ++    ++         ++    ++   ++          +    ++    ++   ++          ++               ++              ++          ++   ++    ++         ++    ++   +++                          ++              ++    ++    ++   ++   *++    +    ++    ++   ++    ++    ++   ++         ++    ++    ++   ++    ++    ++   ++         +++
++   +++   ++    ++   ++    ++    +    ++    ++   ++    ++    ++   ++    +++++++++++++    ++    +    +++++++++++++    +++++++++++++    ++    +++++++++++++   ++    ++    ++   ++    ++   ++++++++    ++   ++    +++++++    ++    ++   ++    ++    +++++++++++++    +    +++++++++++++++++++++++++   ++    ++    +++++++    ++   ++++++++++++++++++++++++++++++    +++++++++++++    ++    ++   ++    ++    +    ++    ++   ++    ++    ++   +++++++++++++    ++    ++   ++    ++    ++   ++    ++   +++
++   +++   ++    ++   ++    ++    +    ++    ++   ++    ++    ++   ++               ++    ++         ++               ++         ++    ++                    ++    ++    ++   ++    ++   ++          ++   ++    ++         ++    ++   +++   ++    ++         ++    +    ++    ++                    ++    ++    +          ++   ++                                ++         ++    ++    ++   ++    ++         ++    ++   ++    ++    ++   ++               ++    ++   +++   ++    ++   ++    ++   +++
++   +++   ++    ++   ++    ++    +    ++    ++   ++    ++    ++   +++++++          ++    +++    ++++++     +++++++++ ++         ++    ++++++++++++++++++++++++    ++   +++   ++    ++   ++     +++++++   ++    ++         ++    ++   ++    ++    ++         ++    +    ++    ++     +++++++++++++++++    ++    ++  ++     ++   +++++++++++++     +++++++++++++++++++++++    ++    ++    ++   ++    +++++++++++++    ++   ++    ++    ++   ++     ++++++++++++    ++   +++   ++    ++   ++    ++   +++
++   +++   ++    ++   ++    ++    +    ++    ++   ++    ++    ++   ++++++++++++++   ++    +++++++++++++    +++++++++++++   +++   ++    ++++++++++++++++++++++++    ++    ++   ++    ++   ++    +++++++    ++    ++    +    ++    ++   ++    ++    ++   ++    ++    +    ++    ++   +++++++++++++++++++    ++    +++++++++++++    +++++++++++++   +++++++++++++++++++++++++   +++   ++    ++   ++    +++++++++++++    ++    +    ++    ++   ++    +++++++++++++    ++   +++   ++    ++   ++    ++    ++
++   +++         ++         ++    +    ++    ++   ++    ++    ++   ++          ++   ++               ++                    +++   ++                                ++    ++   ++    ++   +++   ++         ++    ++    +    ++    ++   ++    ++    ++   ++    ++    +    ++    ++   ++                     ++   +++                          ++   ++         +++         ++   +++   ++    ++   ++                     ++         ++    ++   ++               ++    ++   +++   ++    ++   ++    ++    ++
++   +++++++++++++++++++++++++    +    ++    ++   ++    ++    ++   ++    ++    +    +++++++     +    +++++++++++++++++++++++++   ++++++++++++++++++++++++++++++++++++    ++   ++    ++   ++    ++    +++++++    ++    +    ++    ++   ++    ++    ++   ++    ++    +    ++    ++   +++++++++++++++++++++++++   +++++++++++++++++++++++++    ++   ++    ++   +++    +    ++   +++   ++    ++   ++++++++++++++++++++++++++++++++++++    ++   +++++++++++++    ++    ++   +++   ++    ++   ++    ++    ++
++   +++++++++++++++++++++++++    +    ++    ++   ++    ++    ++   ++    ++    +    ++++++++   ++    +++++++++++++++++++++++++   ++++++++++++++++++++++++++++++++++++    ++   ++    ++   ++    ++    +++++++    ++   +++   ++    ++   ++    ++    ++   ++    ++    +    ++    ++    ++++++++++++++++++++++++    ++++++++++++++++++++++++    ++   ++    ++   +++   ++    ++   ++    ++    ++   ++++++++++++++++++++++++++++++++++++    ++   +++++++++++++    ++    ++   +++   ++    ++   ++    ++    ++
++   +++                          ++   ++    ++   ++    ++    ++   ++    ++    +    ++         ++                          +++                                     ++    ++   ++         ++    ++    ++         ++   +++   ++    ++   ++    ++    ++   ++    ++    +    ++    ++                                                            ++   ++    ++   +++   ++    ++   ++    ++    ++                                           ++   ++               ++    ++   +++   ++    ++   ++    ++    ++
++   +++   +++++++++++++++++++++++++   ++    ++   ++    ++    ++   ++    ++    ++   ++    ++   ++    +++++++++++++++++++   +++   ++++++++++++++++++++++++++++++    ++    +    +++++++++++++    ++    ++   ++    ++   +++   ++    ++   ++    ++    ++   ++    ++    +    ++    ++++++++++++++++++++++++++++++++++++++++++++++++++++++++++++++++   ++    ++   +++   ++    ++   ++++++++    +++++++++++++++++++++++++++++++++++++++++++++++   ++    +++++++++++++    ++   +++   ++    ++   ++    ++    ++
++    +    ++++++++++++++++++++++++    ++    ++   ++    ++    ++   ++    ++   +++   ++    ++   ++    +++++++++++++++++++    ++   ++++++++++++++++++++++++++++++    ++    +    +++++++++++++    ++    ++   ++    ++   +++   ++    ++   ++    ++    ++   ++    ++    ++   ++    ++++++++++++++++++++++++++++++++++++++++++++++++++++++++++++++++   ++    ++    ++   ++    ++   ++++++++    ++++++++++++++++++++++++++++++++++++++++++++++    ++    +++++++++++++    ++   +++   ++    ++   ++    ++    ++
++         ++                     +    ++    ++   ++    ++    ++   ++    ++   +++   ++    ++   ++    ++         ++    ++   +++   ++                                ++         ++               ++    ++   ++    ++   +++   ++    ++   ++    ++    ++   ++    ++    ++   ++                                ++                                ++   ++    ++    ++   ++    ++   +++         ++                          ++         ++         ++                     ++   +++   ++    ++   ++    ++    ++
++   ++    ++    +++++++++++++    +    ++    ++   ++    ++    ++   ++    ++   +++   ++    ++   ++    ++    ++   ++    ++   +++   ++    +++++++++++++++++++++++++++++++++++++++++    +++++++++++++    ++   ++    ++   +++   ++    ++   ++    ++    ++   ++    ++    ++   ++    ++++++++++++++++++++++++    ++    ++++++++++++++++++++++++    ++   ++    ++    +    ++    ++   +++   ++    ++   +++++++++++++++++++    ++    +    ++    ++++++++++++++++++++++++++++++   +++   ++    ++   ++    ++    ++
++   +++   ++    +++++++++++++    +    ++    ++   ++    ++    ++   ++    ++    +    ++    ++   ++    ++    ++   ++    ++   +++   ++    +++++++++++++++++++++++++++++++++++++++++    +++++++++++++    ++   ++    ++   +++   ++    ++   ++    ++    ++   ++    ++    +    ++    ++++++++++++++++++++++++    ++    ++++++++++++++++++++++++    ++    +    ++    +    ++    ++   ++    ++    ++   +++++++++++++++++++    ++   ++    ++    +++++++++++++++++++++++++++++    ++    ++    ++   ++    ++    ++
++   +++   ++    ++         ++    +    ++    ++   ++    ++    ++   ++    ++    +    ++    ++   ++    ++    ++   ++    ++   +++   ++                                           ++    ++               ++   ++    ++   +++   ++    ++   ++    ++    ++   ++    ++    +    ++    ++                          ++    ++                    ++    ++         ++         ++    ++   ++    ++    ++   ++                     ++   ++    ++    ++                               +++         ++   ++    ++    ++
++   +++   ++    ++   ++    ++    ++   ++    ++   ++++++++    ++   ++    ++    +    ++    ++   ++    ++    ++   ++    ++   +++   +++++++++++++++++++++++++++++++++++++++++++++++    ++   ++++++++++++++   ++    ++   +++   ++    ++   ++    ++    ++   ++    ++    +    ++    ++    ++++++++++++++++++++++++    ++   ++++++++   ++    ++    ++++++++++++++++++++++++    ++   ++    ++    ++   ++    +++++++++++++++++++   ++    ++    +++++++++++++++++++++++++++++++++++++++++++++++   ++    ++    ++
++   +++   ++    ++   ++    ++   +++   ++    ++    ++++++     ++   ++    ++         ++    ++   ++    ++    ++   ++    ++    ++    ++++++++++++++++++++++++++++++++++++++++++++++    ++   +++++++++++++    ++    ++   +++   ++    ++   ++    ++    ++   ++    ++    +    ++    ++   ++++++++++++++++++++++++     ++   ++++++++   ++    ++    ++++++++++++++++++++++++    ++    +    ++    ++   ++     +++++++++++++++++    ++          ++++++++++++++++++++++++++++++++++++++++++++++    ++    ++    ++
++   +++   ++    ++   ++    ++   +++   ++    ++               ++   ++    ++         ++    ++   ++    ++    ++   ++    ++    ++                                                ++    ++   ++               ++    ++    ++   ++    ++   ++    ++    ++   ++    ++    +    ++    ++   ++                           ++   ++    ++   ++    ++                          ++    ++         ++    ++   ++                          ++          ++              +++                               ++    ++    ++
++   +++   ++    ++   ++    ++   +++   ++    +++++++++++++++++++   ++    +++++++++++++    ++   ++    ++    ++   ++    ++    ++++++++++++++++++++++++++++++++++++++++++++++    ++    ++   ++    +++++++++++++    ++    ++   ++    ++   ++    ++    ++   ++    ++    +    ++    ++   ++    ++++++++++++++++++++++++    ++    ++   ++    ++    ++++++++++++++++++    ++    +++++++++++++    ++   +++++++++++++++++++++++++++++++++++++++++++++++++++++    ++   ++++++++++++++++++++++++++++++    ++   +++
++   +++   ++    ++   ++          ++   ++                          ++                     ++   ++          ++         ++                                                      ++    ++   ++               ++    ++   +++   ++    ++   ++    ++    ++   ++    ++    +    ++    ++   ++    ++                          ++    ++   ++    ++    ++                    ++                     ++                                                      ++    +                                      ++   +++
++   +++   ++    ++   ++++++++++++++   +++++++++++++++++++++++++++ ++++++++++++++++++     ++   +++++++++++++++++++++++++    ++++++++++++++++++++++++++++++++++++++++++++++++++++    ++   ++++++++++       ++    ++   +++   ++    ++   ++    ++    ++   ++    ++    +    ++    ++   ++    ++       +++   +++++++++++++++    ++   ++++++++    ++    +++++++++++++++ ++++++++++++++++++++++++++++++++++++++++++++++++++++++++++++++++++++++++++     ++    ++++++++++++++++++++++++++++++++  +++++++   +++
++   +++   ++    ++   ++++++++++++++   +++++++++++++++++++++++++++++++++++++++++++++++++++++    ++++++++++++++++++++++++++++++++++++++++++++++++++++++++++++++++++++++++++++++++    ++   +++++++++++++    ++    ++    ++   ++    ++    +    ++    ++   ++    ++    +    ++    ++   ++    ++    ++++++++++++++++++++++++    ++   ++++++++    ++   ++++++++++++++++++++++++++++++++++++++++++++++++++++++++++++++++++++++++++++++++++++++++++++    ++    +++++++++++++++++++++++++++++++++++++++++    ++
++   +++         ++         ++    ++                                                                                                                                          ++         ++               ++          ++         ++         ++         ++          +          ++         ++                                ++               ++                                                                                                                                                      ++
++ + +++++++++++++++++++++++++    ++++++++++++++++++++++++++++++++++++++++++++++++++++++++++++++++++++++++++++++++++++++++++++++++++++++++++++++++++++++++++++++++++++++++++++++++++++++++++++++++++++++++++++++++++++++++++++++++++++++++++++++++++++++++++++++++++++++++++++++++++++++++++++++++++++++++++++++++++++++++++++++++++++++++++++++++++++++++++++++++++++++++++++++++++++++++++++++++++++++++++++++++++++++++++++++++++++++++++++++++++++++++++++++++++++++++++++++++++++++++++++++++++++
++++++++++++++++++++++++++++++++++++++++++++++++++++++++++++++++++++++++++++++++++++++++++++++++++++++++++++++++++++++++++++++++++++++++++++++++++++++++++++++++++++++++++++++++++++++++++++++++++++++++++++++++++++++++++++++++++++++++++++++++++++++++++++++++++++++++++++++++++++++++++++++++++++++++++++++++++++++++++++++++++++++++++++++++++++++++++++++++++++++++++++++++++++++++++++++++++++++++++++++++++++++++++++++++++++++++++++++++++++++++++++++++++++++++++++++++++++++++++++++++++++++